{"type":"server-started","port":52342,"host":"127.0.0.1","url_host":"localhost","url":"http://localhost:52342","screen_dir":"h:\\work\\python作业\\大\\.superpowers\\brainstorm\\visual-52342\\content","state_dir":"h:\\work\\python作业\\大\\.superpowers\\brainstorm\\visual-52342\\state"}
{"type":"screen-added","file":"h:\\work\\python作业\\大\\.superpowers\\brainstorm\\visual-52342\\content\\baseline-beautify-regenerated.html"}
{"type":"screen-added","file":"h:\\work\\python作业\\大\\.superpowers\\brainstorm\\visual-52342\\content\\layout-controls-refined.html"}
{"type":"screen-updated","file":"h:\\work\\python作业\\大\\.superpowers\\brainstorm\\visual-52342\\content\\layout-controls-refined.html"}
{"type":"screen-added","file":"h:\\work\\python作业\\大\\.superpowers\\brainstorm\\visual-52342\\content\\left-rank-comparison-layout.html"}
{"type":"screen-updated","file":"h:\\work\\python作业\\大\\.superpowers\\brainstorm\\visual-52342\\content\\left-rank-comparison-layout.html"}
{"type":"screen-updated","file":"h:\\work\\python作业\\大\\.superpowers\\brainstorm\\visual-52342\\content\\layout-controls-refined.html"}
{"type":"screen-updated","file":"h:\\work\\python作业\\大\\.superpowers\\brainstorm\\visual-52342\\content\\baseline-beautify-regenerated.html"}
{"type":"screen-updated","file":"h:\\work\\python作业\\大\\.superpowers\\brainstorm\\visual-52342\\content\\left-rank-comparison-layout.html"}
{"type":"screen-updated","file":"h:\\work\\python作业\\大\\.superpowers\\brainstorm\\visual-52342\\content\\layout-controls-refined.html"}
{"type":"screen-updated","file":"h:\\work\\python作业\\大\\.superpowers\\brainstorm\\visual-52342\\content\\baseline-beautify-regenerated.html"}
{"type":"screen-updated","file":"h:\\work\\python作业\\大\\.superpowers\\brainstorm\\visual-52342\\content\\left-rank-comparison-layout.html"}
{"type":"screen-updated","file":"h:\\work\\python作业\\大\\.superpowers\\brainstorm\\visual-52342\\content\\layout-controls-refined.html"}
{"type":"screen-updated","file":"h:\\work\\python作业\\大\\.superpowers\\brainstorm\\visual-52342\\content\\left-rank-comparison-layout.html"}
{"type":"screen-updated","file":"h:\\work\\python作业\\大\\.superpowers\\brainstorm\\visual-52342\\content\\baseline-beautify-regenerated.html"}
{"type":"screen-updated","file":"h:\\work\\python作业\\大\\.superpowers\\brainstorm\\visual-52342\\content\\layout-controls-refined.html"}
{"type":"screen-updated","file":"h:\\work\\python作业\\大\\.superpowers\\brainstorm\\visual-52342\\content\\left-rank-comparison-layout.html"}
{"type":"screen-updated","file":"h:\\work\\python作业\\大\\.superpowers\\brainstorm\\visual-52342\\content\\layout-controls-refined.html"}
{"type":"screen-updated","file":"h:\\work\\python作业\\大\\.superpowers\\brainstorm\\visual-52342\\content\\baseline-beautify-regenerated.html"}
{"type":"screen-updated","file":"h:\\work\\python作业\\大\\.superpowers\\brainstorm\\visual-52342\\content\\baseline-beautify-regenerated.html"}
{"type":"screen-updated","file":"h:\\work\\python作业\\大\\.superpowers\\brainstorm\\visual-52342\\content\\layout-controls-refined.html"}
{"type":"screen-updated","file":"h:\\work\\python作业\\大\\.superpowers\\brainstorm\\visual-52342\\content\\left-rank-comparison-layout.html"}
{"type":"screen-updated","file":"h:\\work\\python作业\\大\\.superpowers\\brainstorm\\visual-52342\\content\\layout-controls-refined.html"}
{"type":"screen-updated","file":"h:\\work\\python作业\\大\\.superpowers\\brainstorm\\visual-52342\\content\\layout-controls-refined.html"}
{"type":"screen-updated","file":"h:\\work\\python作业\\大\\.superpowers\\brainstorm\\visual-52342\\content\\left-rank-comparison-layout.html"}
{"type":"screen-updated","file":"h:\\work\\python作业\\大\\.superpowers\\brainstorm\\visual-52342\\content\\baseline-beautify-regenerated.html"}
{"type":"screen-updated","file":"h:\\work\\python作业\\大\\.superpowers\\brainstorm\\visual-52342\\content\\layout-controls-refined.html"}
{"type":"screen-updated","file":"h:\\work\\python作业\\大\\.superpowers\\brainstorm\\visual-52342\\content\\left-rank-comparison-layout.html"}
{"type":"screen-added","file":"h:\\work\\python作业\\大\\.superpowers\\brainstorm\\visual-52342\\content\\top-title-controls-rank-v2.html"}
{"type":"screen-added","file":"h:\\work\\python作业\\大\\.superpowers\\brainstorm\\visual-52342\\content\\rank-controls-exact-v3.html"}
{"type":"screen-added","file":"h:\\work\\python作业\\大\\.superpowers\\brainstorm\\visual-52342\\content\\rank-controls-exact-v4-final.html"}
{"type":"screen-updated","file":"h:\\work\\python作业\\大\\.superpowers\\brainstorm\\visual-52342\\content\\rank-controls-exact-v4-final.html"}
{"type":"screen-added","file":"h:\\work\\python作业\\大\\.superpowers\\brainstorm\\visual-52342\\content\\rank-controls-exact-v5-final.html"}
{"type":"screen-added","file":"h:\\work\\python作业\\大\\.superpowers\\brainstorm\\visual-52342\\content\\rank-controls-exact-v6-comparison-layout.html"}
{"type":"screen-added","file":"h:\\work\\python作业\\大\\.superpowers\\brainstorm\\visual-52342\\content\\rank-controls-exact-v7-comparison-cover.html"}
{"type":"screen-added","file":"h:\\work\\python作业\\大\\.superpowers\\brainstorm\\visual-52342\\content\\rank-controls-exact-v8-ai-enhanced.html"}
{"type":"screen-added","file":"h:\\work\\python作业\\大\\.superpowers\\brainstorm\\visual-52342\\content\\rank-controls-exact-v9-ai-corrected.html"}
{"type":"screen-added","file":"h:\\work\\python作业\\大\\.superpowers\\brainstorm\\visual-52342\\content\\v7-plus-ai-only-corrected.html"}
{"type":"screen-updated","file":"h:\\work\\python作业\\大\\.superpowers\\brainstorm\\visual-52342\\content\\top-title-controls-rank-v2.html"}
{"type":"screen-updated","file":"h:\\work\\python作业\\大\\.superpowers\\brainstorm\\visual-52342\\content\\rank-controls-exact-v3.html"}
{"type":"screen-updated","file":"h:\\work\\python作业\\大\\.superpowers\\brainstorm\\visual-52342\\content\\rank-controls-exact-v4-final.html"}
{"type":"screen-updated","file":"h:\\work\\python作业\\大\\.superpowers\\brainstorm\\visual-52342\\content\\left-rank-comparison-layout.html"}
{"type":"screen-updated","file":"h:\\work\\python作业\\大\\.superpowers\\brainstorm\\visual-52342\\content\\baseline-beautify-regenerated.html"}
{"type":"screen-updated","file":"h:\\work\\python作业\\大\\.superpowers\\brainstorm\\visual-52342\\content\\layout-controls-refined.html"}
{"type":"server-stopped","reason":"idle timeout"}
